go : main.go:13:2: cannot find package
At line:1 char:71
+ ... Desktop\Coding Projects\Rust\go-backend"; go build ./... 2>&1 | Out-F ...
+                                               ~~~~~~~~~~~~~~~~~~~
    + CategoryInfo          : NotSpecified: (main.go:13:2: cannot find package:String) [], RemoteException
    + FullyQualifiedErrorId : NativeCommandError
 
